<?xml version="1.0" encoding="utf-8"?>
<test-run id="2" testcasecount="2" result="Passed" total="2" passed="2" failed="0" inconclusive="0" skipped="0" asserts="0" engine-version="3.5.0.0" clr-version="4.0.30319.42000" start-time="2026-09-09 03:26:47Z" end-time="2026-09-09 03:26:47Z" duration="0.2838335">
  <test-suite type="TestSuite" id="1000" name="PWMANAGER" fullname="PWMANAGER" runstate="Runnable" testcasecount="274" result="Passed" start-time="2026-09-09 03:26:47Z" end-time="2026-09-09 03:26:47Z" duration="0.283834" total="2" passed="2" failed="0" inconclusive="0" skipped="0" asserts="0">
    <properties>
      <property name="platform" value="EditMode" />
    </properties>
    <test-suite type="Assembly" id="1336" name="PWMANAGER.Domain.Tests.dll" fullname="C:/Projects/PWMANAGER/Library/ScriptAssemblies/PWMANAGER.Domain.Tests.dll" runstate="Runnable" testcasecount="273" result="Passed" start-time="2026-09-09 03:26:47Z" end-time="2026-09-09 03:26:47Z" duration="0.264308" total="2" passed="2" failed="0" inconclusive="0" skipped="0" asserts="0">
      <properties>
        <property name="_PID" value="20328" />
        <property name="_APPDOMAIN" value="Unity Child Domain" />
        <property name="platform" value="EditMode" />
        <property name="EditorOnly" value="True" />
      </properties>
      <test-suite type="TestSuite" id="1337" name="PWManager" fullname="PWManager" runstate="Runnable" testcasecount="273" result="Passed" start-time="2026-09-09 03:26:47Z" end-time="2026-09-09 03:26:47Z" duration="0.258184" total="2" passed="2" failed="0" inconclusive="0" skipped="0" asserts="0">
        <properties />
        <test-suite type="TestSuite" id="1338" name="Tests" fullname="PWManager.Tests" runstate="Runnable" testcasecount="273" result="Passed" start-time="2026-09-09 03:26:47Z" end-time="2026-09-09 03:26:47Z" duration="0.252222" total="2" passed="2" failed="0" inconclusive="0" skipped="0" asserts="0">
          <properties />
          <test-suite type="TestFixture" id="1177" name="ScoutingServiceTests" fullname="PWManager.Tests.ScoutingServiceTests" classname="PWManager.Tests.ScoutingServiceTests" runstate="Runnable" testcasecount="2" result="Passed" start-time="2026-09-09 03:26:47Z" end-time="2026-09-09 03:26:47Z" duration="0.243138" total="2" passed="2" failed="0" inconclusive="0" skipped="0" asserts="0">
            <properties />
            <test-case id="1178" name="Assignment_CompletesAfterFourWeeksAndExpiresCandidates" fullname="PWManager.Tests.ScoutingServiceTests.Assignment_CompletesAfterFourWeeksAndExpiresCandidates" methodname="Assignment_CompletesAfterFourWeeksAndExpiresCandidates" classname="PWManager.Tests.ScoutingServiceTests" runstate="Runnable" seed="338550393" result="Passed" start-time="2026-09-09 03:26:47Z" end-time="2026-09-09 03:26:47Z" duration="0.196687" asserts="0">
              <properties>
                <property name="retryIteration" value="0" />
                <property name="repeatIteration" value="0" />
              </properties>
            </test-case>
            <test-case id="1179" name="StylePriorities_ReduceAbsoluteErrorByLevel" fullname="PWManager.Tests.ScoutingServiceTests.StylePriorities_ReduceAbsoluteErrorByLevel" methodname="StylePriorities_ReduceAbsoluteErrorByLevel" classname="PWManager.Tests.ScoutingServiceTests" runstate="Runnable" seed="1151439414" result="Passed" start-time="2026-09-09 03:26:47Z" end-time="2026-09-09 03:26:47Z" duration="0.008181" asserts="0">
              <properties>
                <property name="retryIteration" value="0" />
                <property name="repeatIteration" value="0" />
              </properties>
              <output><![CDATA[Saving results to: C:/Users/cjh74/AppData/LocalLow/DefaultCompany/PWMANAGER\TestResults.xml
]]></output>
            </test-case>
          </test-suite>
        </test-suite>
      </test-suite>
    </test-suite>
  </test-suite>
</test-run>